user_id,username,password,password_updated_at,enabled,high_grade_registry,login_error_count,lockout_at,last_login_at,logout_at,created_at,created_user_id,updated_at,updated_user_id,version
user01,ユーザ０１,3431f32838e009b9227512da0ab7f3cac5f49e8c1587e286281b7e4f66d032a68ff2c0efce55eda7,1970-01-01 00:00:00.0,true,true,0,1970-01-01 00:00:00.0,1970-01-01 00:00:00.0,1970-01-01 00:00:00.0,${TODAY},TEST-DATA,1970-01-01 00:00:00.0,TEST-DATA,0
user02,ユーザ０２,3431f32838e009b9227512da0ab7f3cac5f49e8c1587e286281b7e4f66d032a68ff2c0efce55eda7,1970-01-01 00:00:00.0,true,true,0,1970-01-01 00:00:00.0,1970-01-01 00:00:00.0,1970-01-01 00:00:00.0,${YESTERDAY},TEST-DATA,1970-01-01 00:00:00.0,TEST-DATA,1
user03,ユーザ０３,3431f32838e009b9227512da0ab7f3cac5f49e8c1587e286281b7e4f66d032a68ff2c0efce55eda7,1970-01-01 00:00:00.0,true,false,0,1970-01-01 00:00:00.0,1970-01-01 00:00:00.0,1970-01-01 00:00:00.0,${TODAY},TEST-DATA,1970-01-01 00:00:00.0,TEST-DATA,2
user05,ユーザ０５,3431f32838e009b9227512da0ab7f3cac5f49e8c1587e286281b7e4f66d032a68ff2c0efce55eda7,1970-01-01 00:00:00.0,false,true,0,1970-01-01 00:00:00.0,1970-01-01 00:00:00.0,1970-01-01 00:00:00.0,${TODAY},TEST-DATA,1970-01-01 00:00:00.0,TEST-DATA,4
user06,ユーザ０６,3431f32838e009b9227512da0ab7f3cac5f49e8c1587e286281b7e4f66d032a68ff2c0efce55eda7,1970-01-01 00:00:00.0,false,true,0,1970-01-01 00:00:00.0,1970-01-01 00:00:00.0,1970-01-01 00:00:00.0,${YESTERDAY},TEST-DATA,1970-01-01 00:00:00.0,TEST-DATA,5
user07,ユーザ０７,3431f32838e009b9227512da0ab7f3cac5f49e8c1587e286281b7e4f66d032a68ff2c0efce55eda7,1970-01-01 00:00:00.0,false,false,0,1970-01-01 00:00:00.0,1970-01-01 00:00:00.0,1970-01-01 00:00:00.0,${TODAY},TEST-DATA,1970-01-01 00:00:00.0,TEST-DATA,6
